--- Video2X GUI Debug Log Start ---
[Sun Mar  1 02:54:32 2026] Opening file dialog...
[Sun Mar  1 02:54:35 2026] Dialog result: None
[Sun Mar  1 02:54:37 2026] Opening file dialog...
[Sun Mar  1 02:54:38 2026] Dialog result: ('/Users/computer/Downloads/[pseudo] Trigun - 01 - The $$60 Billion Man [540p] [h.265].mkv',)
[Sun Mar  1 02:54:40 2026] Opening save file dialog...
[Sun Mar  1 02:54:47 2026] Save dialog result: /Users/computer/Downloads/[pseudo] Trigun - 01 - The $$60 Billion Man [540p] [h.265]_upscaled.mp4
[Sun Mar  1 02:54:52 2026] run_upscale called with params: {'input': '/Users/computer/Downloads/[pseudo] Trigun - 01 - The $$60 Billion Man [540p] [h.265].mkv', 'output': '/Users/computer/Downloads/[pseudo] Trigun - 01 - The $$60 Billion Man [540p] [h.265]_upscaled.mp4', 'scale': 4, 'processor': 'realcugan', 'extension': 'mp4'}
[Sun Mar  1 02:54:52 2026] Executing command: /Users/computer/Video2X/build/video2x-install/bin/video2x -i /Users/computer/Downloads/[pseudo] Trigun - 01 - The $$60 Billion Man [540p] [h.265].mkv -o /Users/computer/Downloads/[pseudo] Trigun - 01 - The $$60 Billion Man [540p] [h.265]_upscaled.mp4 -p realcugan --no-copy-streams -s 4 --realcugan-model models-se
[Sun Mar  1 02:54:52 2026] STDOUT: [2026-03-01 02:54:52] [info] Video2X version 6.4.0
[Sun Mar  1 02:54:52 2026] STDOUT: [2026-03-01 02:54:52] [info] Processing file: /Users/computer/Downloads/[pseudo] Trigun - 01 - The $$60 Billion Man [540p] [h.265].mkv
[Sun Mar  1 02:54:52 2026] STDOUT: [2026-03-01 02:54:52] [info] Using Vulkan device: Apple M3 Max (0xf070209)
[Sun Mar  1 02:54:52 2026] STDOUT: [2026-03-01 02:54:52] [info] Press [space] to pause/resume, [q] to abort.
[Sun Mar  1 02:54:52 2026] STDOUT: [2026-03-01 02:54:52] [info] [FFmpeg] [libx264 @ 0x7f9123d25780] using SAR=1/1
[Sun Mar  1 02:54:52 2026] STDOUT: [2026-03-01 02:54:52] [info] [FFmpeg] [libx264 @ 0x7f9123d25780] using cpu capabilities: MMX2 SSE2Fast SSSE3 SSE4.2
[Sun Mar  1 02:54:52 2026] STDOUT: [2026-03-01 02:54:52] [info] [FFmpeg] [libx264 @ 0x7f9123d25780] profile High 10, level 5.1, 4:2:0, 10-bit
[Sun Mar  1 02:54:52 2026] STDOUT: [2026-03-01 02:54:52] [info] [FFmpeg] [libx264 @ 0x7f9123d25780] 264 - core 165 r3222 b35605a - H.264/MPEG-4 AVC codec - Copyleft 2003-2025 - http://www.videolan.org/x264.html - options: cabac=1 ref=3 deblock=1:0:0 analyse=0x3:0x113 me=hex subme=7 psy=1 psy_rd=1.00:0.00 mixed_ref=1 me_range=16 chroma_me=1 trellis=1 8x8dct=1 cqm=0 deadzone=21,11 fast_pskip=1 chroma_qp_offset=-2 threads=21 lookahead_threads=3 sliced_threads=0 nr=0 decimate=1 interlaced=0 bluray_compat=0 constrained_intra=0 bframes=3 b_pyramid=2 b_adapt=1 b_bias=0 direct=1 weightb=1 open_gop=0 weightp=2 keyint=250 keyint_min=23 scenecut=40 intra_refresh=0 rc_lookahead=40 rc=crf mbtree=1 crf=23.0 qcomp=0.60 qpmin=0 qpmax=81 qpstep=4 ip_ratio=1.40 aq=1:1.00
[Sun Mar  1 02:54:52 2026] STDOUT: [0 Apple M3 Max]  queueC=0[1]  queueG=0[1]  queueT=0[1]
[Sun Mar  1 02:54:52 2026] STDOUT: [0 Apple M3 Max]  bugsbn1=0  bugbilz=0  bugcopc=0  bugihfa=0
[Sun Mar  1 02:54:52 2026] STDOUT: [0 Apple M3 Max]  fp16-p/s/u/a=1/1/1/1  int8-p/s/u/a=1/1/1/1
[Sun Mar  1 02:54:52 2026] STDOUT: [0 Apple M3 Max]  subgroup=32  basic/vote/ballot/shuffle=1/1/1/1
[Sun Mar  1 02:54:52 2026] STDOUT: [0 Apple M3 Max]  fp16-8x8x16/16x8x8/16x8x16/16x16x16=0/0/0/0
